// Jest Snapshot v1, https://goo.gl/fbAQLP

exports[`Search has a valid snapshot 1`] = `
<form
  className="css-xewg3i-Search"
  onSubmit={[Function]}
>
  <svg
    className="css-5upiqe-Search"
  >
    search.svg
  </svg>
  <input
    className="css-1ffb4w8-Search"
    onChange={[Function]}
    value="ok"
  />
  <button
    className="css-9si2ry"
    type="submit"
  >
    <span
      className="css-1we8g80-Search"
    >
      Search
    </span>
    <svg
      className="css-15w6y0z-Search"
    >
      search.svg
    </svg>
  </button>
</form>
`;
