// Jest Snapshot v1, https://goo.gl/fbAQLP

exports[`Table has a valid snapshot 1`] = `
<section>
  <header
    className="css-17n9c24"
  >
    <div
      className="css-mu2wql"
    >
      <button
        className="css-12rur1d-Sort"
        onClick={[Function]}
      >
        Title
      </button>
    </div>
    <div
      className="css-ieri5n"
    >
      <button
        className="css-12rur1d-Sort"
        onClick={[Function]}
      >
        Author
      </button>
    </div>
    <div
      className="css-1rr4qq7"
    >
      <button
        className="css-12rur1d-Sort"
        onClick={[Function]}
      >
        Coms
      </button>
    </div>
    <div
      className="css-1rr4qq7"
    >
      <button
        className="css-12rur1d-Sort"
        onClick={[Function]}
      >
        Pts
      </button>
    </div>
    <div
      className="css-kzfr2u"
    >
      <button
        className="css-12rur1d-Sort"
        onClick={[Function]}
      >
        Date
      </button>
    </div>
    <div
      className="css-1rr4qq7"
    />
  </header>
  <div
    className="css-atfqj8"
  >
    <div
      className="css-mu2wql"
    >
      <a
        className="css-vurnku"
        href="https://news.ycombinator.com/item?id=y"
        rel="noopener noreferrer"
        target="_blank"
        title="Read comments"
      >
        1
      </a>
    </div>
    <div
      className="css-q74yqm"
    >
      1
    </div>
    <div
      className="css-14ybhvo"
    >
      1
       
    </div>
    <div
      className="css-14ybhvo"
    >
      2
    </div>
    <div
      className="css-wokw6q"
    >
      about 4 years ago
    </div>
    <div
      className="css-14ybhvo"
    >
      <button
        className="css-wwcqj1"
        onClick={[Function]}
      >
        <svg
          className="css-1g5ihon"
        >
          dismiss.svg
        </svg>
      </button>
    </div>
  </div>
  <div
    className="css-atfqj8"
  >
    <div
      className="css-mu2wql"
    >
      <a
        className="css-vurnku"
        href="https://news.ycombinator.com/item?id=z"
        rel="noopener noreferrer"
        target="_blank"
        title="Read comments"
      >
        2
      </a>
    </div>
    <div
      className="css-q74yqm"
    >
      2
    </div>
    <div
      className="css-14ybhvo"
    >
      1
       
    </div>
    <div
      className="css-14ybhvo"
    >
      2
    </div>
    <div
      className="css-wokw6q"
    >
      about 4 years ago
    </div>
    <div
      className="css-14ybhvo"
    >
      <button
        className="css-wwcqj1"
        onClick={[Function]}
      >
        <svg
          className="css-1g5ihon"
        >
          dismiss.svg
        </svg>
      </button>
    </div>
  </div>
</section>
`;
