// Jest Snapshot v1, https://goo.gl/fbAQLP

exports[`App has a valid snapshot 1`] = `
<div
  className="css-6nxnnj"
>
  <header
    className="css-118d9or-Header"
  >
    <h1
      className="css-bwl8bm-Header"
    >
      Hackers News Search Engine
    </h1>
    <form
      className="css-1lchotj"
      onSubmit={[Function]}
    >
      <svg
        className="css-qdzqyl"
      >
        search.svg
      </svg>
      <input
        className="css-119tjkq"
        onChange={[Function]}
        value="react"
      />
      <button
        className="css-1cenlpe"
        type="submit"
      >
        <span
          className="css-1hy7ipv"
        >
          Search
        </span>
        <svg
          className="css-lgquwi"
        >
          search.svg
        </svg>
      </button>
    </form>
  </header>
  <div>
    <section>
      <header
        className="css-17n9c24"
      >
        <div
          className="css-mu2wql"
        >
          <button
            className="css-7cs3ym-Sort"
            onClick={[Function]}
          >
            Title
          </button>
        </div>
        <div
          className="css-ieri5n"
        >
          <button
            className="css-7cs3ym-Sort"
            onClick={[Function]}
          >
            Author
          </button>
        </div>
        <div
          className="css-1rr4qq7"
        >
          <button
            className="css-7cs3ym-Sort"
            onClick={[Function]}
          >
            Coms
          </button>
        </div>
        <div
          className="css-1rr4qq7"
        >
          <button
            className="css-7cs3ym-Sort"
            onClick={[Function]}
          >
            Pts
          </button>
        </div>
        <div
          className="css-kzfr2u"
        >
          <button
            className="css-7cs3ym-Sort"
            onClick={[Function]}
          >
            Date
          </button>
        </div>
        <div
          className="css-1rr4qq7"
        />
      </header>
    </section>
    <div
      className="css-1drvtrq"
    >
      <svg
        className="css-sqxpzz"
        fill="none"
        height={48}
        role="img"
        stroke="currentcolor"
        strokeWidth={4}
        viewBox="0 0 32 32"
        width={48}
      >
        <title>
          Loading...
        </title>
        <circle
          cx={16}
          cy={16}
          opacity={0.125}
          r={12}
        />
        <circle
          className="css-wpcq6n"
          cx={16}
          cy={16}
          r={12}
          strokeDasharray={75.39822368615503}
          strokeDashoffset={56.548667764616276}
        />
      </svg>
    </div>
  </div>
</div>
`;
